SQL> set lines 1000 pages 1000
SQL> select * from employee;

     EMPNO EMPNAME        SALARY G DOB       DESG       PASSPORT   WORKMODE   BOSS_EMPNO                                                                                                                                                                                                                                                                                                                                                                                                                                                                                                                                                                                                                                                                                                                                                                                                                                                                                                                                                
---------- ---------- ---------- - --------- ---------- ---------- ---------- ----------                                                                                                                                                                                                                                                                                                                                                                                                                                                                                                                                                                                                                                                                                                                                                                                                                                                                                                                                                
         2 Ben              1320 m 12-AUG-76 Manager    B123456                        1                                                                                                                                                                                                                                                                                                                                                                                                                                                                                                                                                                                                                                                                                                                                                                                                                                                                                                                                                
         3 Chris            1100 m 12-SEP-96 Manager    C123456                        1                                                                                                                                                                                                                                                                                                                                                                                                                                                                                                                                                                                                                                                                                                                                                                                                                                                                                                                                                
         4 Maria            1000 f 12-MAR-01 Developer  M123456                        2                                                                                                                                                                                                                                                                                                                                                                                                                                                                                                                                                                                                                                                                                                                                                                                                                                                                                                                                                
         5 Jim              1500 m 12-APR-87 Developer  J123456                        2                                                                                                                                                                                                                                                                                                                                                                                                                                                                                                                                                                                                                                                                                                                                                                                                                                                                                                                                                
         6 Akshata           800 f 12-DEC-02 Clerk      X123456                        3                                                                                                                                                                                                                                                                                                                                                                                                                                                                                                                                                                                                                                                                                                                                                                                                                                                                                                                                                

SQL> create or replace procedure insertEmployee(
  2  pempno in employee.empno%type,
  3  pempname in employee.empname%type,
  4  psalary in employee.salary%type,
  5  pgender in employee.gender%type,
  6  pdob in employee.dob%type,
  7  pdesg in employee.desg%type,
  8  ppassport in employee.passport%type,
  9  pworkmode in employee.workmode%type,
 10  pbosseno in employee.boss_empno%type,
 11  status out number)
 12  is
 13  begin
 14  insert into employee(empno,empname,salary,gender,dob,desg,passport,boss_empno)
 15  values(pempno,pempname,psalary,pgender,pdob,pdesg,ppassport,pbosseno)
 16  /

Warning: Procedure created with compilation errors.

SQL> create or replace procedure insertEmployee(
  2  pempno in employee.empno%type,
  3  pempname in employee.empname%type,
  4  psalary in employee.salary%type,
  5  pgender in employee.gender%type,
  6  pdob in employee.dob%type,
  7  pdesg in employee.desg%type,
  8  ppassport in employee.passport%type,
  9  pworkmode in employee.workmode%type,
 10  pworkmode in employee.workmode%type,
 11  pworkmode in employee.workmode%type,
 12  /

Warning: Procedure created with compilation errors.

SQL> create or replace procedure insertEmployee(
  2  pempno in employee.empno%type,
  3  pempname in employee.empname%type,
  4  psalary in employee.salary%type,
  5  pgender in employee.gender%type,
  6  pdob in employee.dob%type,
  7  pdesg in employee.desg%type,
  8  ppassport in employee.passport%type,
  9  pworkmode in employee.workmode%type,
 10  pbosseno in employee.boss_empno%type,
 11  status out number)
 12  is
 13  begin
 14  insert into employee(empno,empname,salary,gender,dob,desg,passport,workmode,boss_empno)
 15  values(pempno,pempname,psalary,pgender,pdob,pdesg,ppassport,pworkmode,pbosseno);
 16  status:=1;
 17  exception
 18  if others then
 19  status:=0;
 20  end;
 21  /

Warning: Procedure created with compilation errors.

SQL> create or replace procedure insertEmployee(
  2  pempno in employee.empno%type,
  3  pempname in employee.empname%type,
  4  psalary in employee.salary%type,
  5  pgender in employee.gender%type,
  6  psalary in employee.salary%type,
  7  /

Warning: Procedure created with compilation errors.

SQL> create or replace procedure insertEmployee(
  2  pempno in employee.empno%type,
  3  pempname in employee.empname%type,
  4  psalary in employee.salary%type,
  5  pgender in employee.gender%type,
  6  pdob in employee.dob%type,
  7  pdesg in employee.desg%type,
  8  ppassport in employee.passport%type,
  9  pworkmode in employee.workmode%type,
 10  pbosseno in employee.boss_empno%type,
 11  status out number)
 12  is
 13  begin
 14  insert into employee(empno,empname,salary,gender,dob,desg,passport,workmode,boss_empno)
 15  values(pempno,pempname,psalary,pgender,pdob,pdesg,ppassport,pworkmode,pbosseno);
 16  status:=1;
 17  exception
 18  when others then
 19  status:=0;
 20  end;
 21  /

Procedure created.

SQL> declare
  2  result number(5);
  3  begin
  4  number:=insertEmployee(7,'Rajesh',1500,'m','11-Nov-1995','Manager','QWER123','wfo',6);
  5  if number=1 then
  6  dbms_output.put_line('Record Inserted Successfully');
  7  else
  8  dbms_output.put_line('Record Not Inserted');
  9  end;
 10  /
end;
   *
ERROR at line 9:
ORA-06550: line 9, column 4: 
PLS-00103: Encountered the symbol ";" when expecting one of the following: 
if 


SQL> declare
  2  result number(5);
  3  begin
  4  number:=insertEmployee(7,'Rajesh',1500,'m','11-Nov-1995','Manager','QWER123','wfo',6);
  5  if number=1 then
  6  dbms_output.put_line('Record Inserted Successfully');
  7  else
  8  dbms_output.put_line('Record Not Inserted');
  9  end if;
 10  end;
 11  /
number:=insertEmployee(7,'Rajesh',1500,'m','11-Nov-1995','Manager','QWER123','wfo',6);
*
ERROR at line 4:
ORA-06550: line 4, column 1: 
PLS-00321: expression 'NUMBER' is inappropriate as the left hand side of an assignment statement 
ORA-06550: line 4, column 1: 
PL/SQL: Statement ignored 
ORA-06550: line 5, column 4: 
PLS-00330: invalid use of type name or subtype name 
ORA-06550: line 5, column 1: 
PL/SQL: Statement ignored 


SQL> set serveroutput on;
SQL> declare
  2  result number(5);
  3  begin
  4  number:=insertEmployee(7,'Rajesh',1500,'m','11-Nov-1995','Manager','QWER123','wfo',6);
  5  /
number:=insertEmployee(7,'Rajesh',1500,'m','11-Nov-1995','Manager','QWER123','wfo',6);
                                                                                     *
ERROR at line 4:
ORA-06550: line 4, column 86: 
PLS-00103: Encountered the symbol "end-of-file" when expecting one of the following: 
( begin case declare end exception exit for goto if loop mod 
null pragma raise return select update while with 
<an identifier> <a double-quoted delimited-identifier> 
<a bind variable> << continue close current delete fetch lock 
insert open rollback savepoint set sql execute commit forall 
merge pipe purge 


SQL> declare
  2  result number(5);
  3  begin
  4  result:=insertEmployee(7,'Rajesh',1500,'m','11-Nov-1995','Manager','QWER123','wfo',6);
  5  if result=1 then
  6  dbms_output.put_line('Record Inserted Successfully');
  7  else
  8  dbms_output.put_line('Record Not Inserted');
  9  end if;
 10  end;
 11  /
result:=insertEmployee(7,'Rajesh',1500,'m','11-Nov-1995','Manager','QWER123','wfo',6);
        *
ERROR at line 4:
ORA-06550: line 4, column 9: 
PLS-00306: wrong number or types of arguments in call to 'INSERTEMPLOYEE' 
ORA-06550: line 4, column 1: 
PL/SQL: Statement ignored 


SQL> declare
  2  begin
  3  insertEmployee(7,'Rajesh',1500,'m','11-Nov-1995','Manager','QWER123','wfo',6,result);
  4  if result=1 then
  5  dbms_output.put_line('Record Inserted Successfully');
  6  else
  7  dbms_output.put_line('Record Not Inserted');
  8  end if;
  9  end;
 10  /
insertEmployee(7,'Rajesh',1500,'m','11-Nov-1995','Manager','QWER123','wfo',6,result);
                                                                             *
ERROR at line 3:
ORA-06550: line 3, column 78: 
PLS-00201: identifier 'RESULT' must be declared 
ORA-06550: line 3, column 1: 
PL/SQL: Statement ignored 
ORA-06550: line 4, column 4: 
PLS-00201: identifier 'RESULT' must be declared 
ORA-06550: line 4, column 1: 
PL/SQL: Statement ignored 


SQL> declare
  2  ans number(5);
  3  begin
  4  insertEmployee(7,'Rajesh',1500,'m','11-Nov-1995','Manager','QWER123','wfo',6,ans);
  5  if ans=1 then
  6  dbms_output.put_line('Record Inserted Successfully');
  7  else
  8  dbms_output.put_line('Record Not Inserted');
  9  end if;
 10  end;
 11  /
Record Inserted Successfully                                                                                                                                                                                                                                                                                                                                                                                                                                                                                                                                                                                                                                                                                                                                                                                                                                                                                                                                                                                                            

PL/SQL procedure successfully completed.

SQL> select * from employee;

     EMPNO EMPNAME        SALARY G DOB       DESG       PASSPORT   WORKMODE   BOSS_EMPNO                                                                                                                                                                                                                                                                                                                                                                                                                                                                                                                                                                                                                                                                                                                                                                                                                                                                                                                                                
---------- ---------- ---------- - --------- ---------- ---------- ---------- ----------                                                                                                                                                                                                                                                                                                                                                                                                                                                                                                                                                                                                                                                                                                                                                                                                                                                                                                                                                
         7 Rajesh           1500 m 11-NOV-95 Manager    QWER123    wfo                 6                                                                                                                                                                                                                                                                                                                                                                                                                                                                                                                                                                                                                                                                                                                                                                                                                                                                                                                                                
         2 Ben              1320 m 12-AUG-76 Manager    B123456                        1                                                                                                                                                                                                                                                                                                                                                                                                                                                                                                                                                                                                                                                                                                                                                                                                                                                                                                                                                
         3 Chris            1100 m 12-SEP-96 Manager    C123456                        1                                                                                                                                                                                                                                                                                                                                                                                                                                                                                                                                                                                                                                                                                                                                                                                                                                                                                                                                                
         4 Maria            1000 f 12-MAR-01 Developer  M123456                        2                                                                                                                                                                                                                                                                                                                                                                                                                                                                                                                                                                                                                                                                                                                                                                                                                                                                                                                                                
         5 Jim              1500 m 12-APR-87 Developer  J123456                        2                                                                                                                                                                                                                                                                                                                                                                                                                                                                                                                                                                                                                                                                                                                                                                                                                                                                                                                                                
         6 Akshata           800 f 12-DEC-02 Clerk      X123456                        3                                                                                                                                                                                                                                                                                                                                                                                                                                                                                                                                                                                                                                                                                                                                                                                                                                                                                                                                                

6 rows selected.

SQL> declare
  2  ans number(5);
  3  begin
  4  insertEmployee(3,'Rajesh',1500,'m','11-Nov-1995','Manager','QWER123','wfo',6,ans);
  5  if ans=1 then
  6  dbms_output.put_line('Record Inserted Successfully');
  7  else
  8  dbms_output.put_line('Record Not Inserted');
  9  end if;
 10  end;
 11  /
Record Not Inserted                                                                                                                                                                                                                                                                                                                                                                                                                                                                                                                                                                                                                                                                                                                                                                                                                                                                                                                                                                                                                     

PL/SQL procedure successfully completed.

SQL> @D:\ITV205FE\sql\day12\proc1.sql

Procedure created.

Record Inserted Successfully                                                                                                                                                                                                                                                                                                                                                                                                                                                                                                                                                                                                                                                                                                                                                                                                                                                                                                                                                                                                            

PL/SQL procedure successfully completed.


     EMPNO EMPNAME        SALARY G DOB       DESG       PASSPORT   WORKMODE   BOSS_EMPNO                                                                                                                                                                                                                                                                                                                                                                                                                                                                                                                                                                                                                                                                                                                                                                                                                                                                                                                                                
---------- ---------- ---------- - --------- ---------- ---------- ---------- ----------                                                                                                                                                                                                                                                                                                                                                                                                                                                                                                                                                                                                                                                                                                                                                                                                                                                                                                                                                
         7 Rajesh           1500 m 11-NOV-95 Manager    QWER123    wfo                 6                                                                                                                                                                                                                                                                                                                                                                                                                                                                                                                                                                                                                                                                                                                                                                                                                                                                                                                                                
         8 Ramesh           1500 m 11-NOV-95 Manager    QWTY123    wfo                 6                                                                                                                                                                                                                                                                                                                                                                                                                                                                                                                                                                                                                                                                                                                                                                                                                                                                                                                                                
         2 Ben              1320 m 12-AUG-76 Manager    B123456                        1                                                                                                                                                                                                                                                                                                                                                                                                                                                                                                                                                                                                                                                                                                                                                                                                                                                                                                                                                
         3 Chris            1100 m 12-SEP-96 Manager    C123456                        1                                                                                                                                                                                                                                                                                                                                                                                                                                                                                                                                                                                                                                                                                                                                                                                                                                                                                                                                                
         4 Maria            1000 f 12-MAR-01 Developer  M123456                        2                                                                                                                                                                                                                                                                                                                                                                                                                                                                                                                                                                                                                                                                                                                                                                                                                                                                                                                                                
         5 Jim              1500 m 12-APR-87 Developer  J123456                        2                                                                                                                                                                                                                                                                                                                                                                                                                                                                                                                                                                                                                                                                                                                                                                                                                                                                                                                                                
         6 Akshata           800 f 12-DEC-02 Clerk      X123456                        3                                                                                                                                                                                                                                                                                                                                                                                                                                                                                                                                                                                                                                                                                                                                                                                                                                                                                                                                                

7 rows selected.

SQL> create or replace trigger t1
  2  before
  3  insert
  4  on employee
  5  for each row
  6  begin
  7  if :new.boss_empno < 0 then
  8  raise_application_error('-20001','Invalid Boss ID');
  9  end if;
 10  end;
 11  /

Trigger created.

SQL> insert into employee(empno,empname,salary,gender,dob,desg,passport,boss_empno) values
  2  (12,'Ben',1200,'m','12-AUG-1976','Manager','BNB1234',1);

1 row created.

SQL> insert into employee(empno,empname,salary,gender,dob,desg,passport,boss_empno) values
  2  (13,'Ben',1200,'m','12-AUG-1976','Manager','BNY1234',-1);
insert into employee(empno,empname,salary,gender,dob,desg,passport,boss_empno) values
            *
ERROR at line 1:
ORA-20001: Invalid Boss ID 
ORA-06512: at "YOGESHWAR.T1", line 3 
ORA-04088: error during execution of trigger 'YOGESHWAR.T1' 


SQL> update employee
  2  set boss_empno = -6
  3  where empno=7;

1 row updated.

SQL> create or replace trigger t1
  2  before
  3  insert or update
  4  on employee
  5  for each row
  6  begin
  7  if :new.boss_empno < 0 then
  8  raise_application_error('-20001','Invalid Boss ID');
  9  end if;
 10  end;
 11  /

Trigger created.

SQL> insert into employee(empno,empname,salary,gender,dob,desg,passport,boss_empno) values
  2  /
insert into employee(empno,empname,salary,gender,dob,desg,passport,boss_empno) values
                                                                                    *
ERROR at line 1:
ORA-00936: missing expression 


SQL> update employee
  2  set boss_empno = -6
  3  where empno=7;
update employee
       *
ERROR at line 1:
ORA-20001: Invalid Boss ID 
ORA-06512: at "YOGESHWAR.T1", line 3 
ORA-04088: error during execution of trigger 'YOGESHWAR.T1' 


SQL> create table empbu(
  2  empno number(5) primary key,
  3  empname varchar2(20),
  4  oldsal number(5),
  5  hikedate date);

Table created.

SQL> create or replace trigger t2
  2  after
  3  update
  4  on employee
  5  for each row
  6  begin
  7  insert into empbu values(:old.empno, :old.empname, :old.salary, sysdate);
  8  end;
  9  /

Trigger created.

SQL> select * from employee;

     EMPNO EMPNAME        SALARY G DOB       DESG       PASSPORT   WORKMODE   BOSS_EMPNO                                                                                                                                                                                                                                                                                                                                                                                                                                                                                                                                                                                                                                                                                                                                                                                                                                                                                                                                                
---------- ---------- ---------- - --------- ---------- ---------- ---------- ----------                                                                                                                                                                                                                                                                                                                                                                                                                                                                                                                                                                                                                                                                                                                                                                                                                                                                                                                                                
         7 Rajesh           1500 m 11-NOV-95 Manager    QWER123    wfo                -6                                                                                                                                                                                                                                                                                                                                                                                                                                                                                                                                                                                                                                                                                                                                                                                                                                                                                                                                                
         8 Ramesh           1500 m 11-NOV-95 Manager    QWTY123    wfo                 6                                                                                                                                                                                                                                                                                                                                                                                                                                                                                                                                                                                                                                                                                                                                                                                                                                                                                                                                                
        12 Ben              1200 m 12-AUG-76 Manager    BNB1234                        1                                                                                                                                                                                                                                                                                                                                                                                                                                                                                                                                                                                                                                                                                                                                                                                                                                                                                                                                                
         2 Ben              1320 m 12-AUG-76 Manager    B123456                        1                                                                                                                                                                                                                                                                                                                                                                                                                                                                                                                                                                                                                                                                                                                                                                                                                                                                                                                                                
         3 Chris            1100 m 12-SEP-96 Manager    C123456                        1                                                                                                                                                                                                                                                                                                                                                                                                                                                                                                                                                                                                                                                                                                                                                                                                                                                                                                                                                
         4 Maria            1000 f 12-MAR-01 Developer  M123456                        2                                                                                                                                                                                                                                                                                                                                                                                                                                                                                                                                                                                                                                                                                                                                                                                                                                                                                                                                                
         5 Jim              1500 m 12-APR-87 Developer  J123456                        2                                                                                                                                                                                                                                                                                                                                                                                                                                                                                                                                                                                                                                                                                                                                                                                                                                                                                                                                                
         6 Akshata           800 f 12-DEC-02 Clerk      X123456                        3                                                                                                                                                                                                                                                                                                                                                                                                                                                                                                                                                                                                                                                                                                                                                                                                                                                                                                                                                

8 rows selected.

SQL> select * from empbu;

no rows selected

SQL> update employee
  2  set salary=salary+0.10*salary
  3  where empno=7;
update employee
       *
ERROR at line 1:
ORA-20001: Invalid Boss ID 
ORA-06512: at "YOGESHWAR.T1", line 3 
ORA-04088: error during execution of trigger 'YOGESHWAR.T1' 


SQL> delete from employee where empno=7;

1 row deleted.

SQL> select * from employee;

     EMPNO EMPNAME        SALARY G DOB       DESG       PASSPORT   WORKMODE   BOSS_EMPNO                                                                                                                                                                                                                                                                                                                                                                                                                                                                                                                                                                                                                                                                                                                                                                                                                                                                                                                                                
---------- ---------- ---------- - --------- ---------- ---------- ---------- ----------                                                                                                                                                                                                                                                                                                                                                                                                                                                                                                                                                                                                                                                                                                                                                                                                                                                                                                                                                
         8 Ramesh           1500 m 11-NOV-95 Manager    QWTY123    wfo                 6                                                                                                                                                                                                                                                                                                                                                                                                                                                                                                                                                                                                                                                                                                                                                                                                                                                                                                                                                
        12 Ben              1200 m 12-AUG-76 Manager    BNB1234                        1                                                                                                                                                                                                                                                                                                                                                                                                                                                                                                                                                                                                                                                                                                                                                                                                                                                                                                                                                
         2 Ben              1320 m 12-AUG-76 Manager    B123456                        1                                                                                                                                                                                                                                                                                                                                                                                                                                                                                                                                                                                                                                                                                                                                                                                                                                                                                                                                                
         3 Chris            1100 m 12-SEP-96 Manager    C123456                        1                                                                                                                                                                                                                                                                                                                                                                                                                                                                                                                                                                                                                                                                                                                                                                                                                                                                                                                                                
         4 Maria            1000 f 12-MAR-01 Developer  M123456                        2                                                                                                                                                                                                                                                                                                                                                                                                                                                                                                                                                                                                                                                                                                                                                                                                                                                                                                                                                
         5 Jim              1500 m 12-APR-87 Developer  J123456                        2                                                                                                                                                                                                                                                                                                                                                                                                                                                                                                                                                                                                                                                                                                                                                                                                                                                                                                                                                
         6 Akshata           800 f 12-DEC-02 Clerk      X123456                        3                                                                                                                                                                                                                                                                                                                                                                                                                                                                                                                                                                                                                                                                                                                                                                                                                                                                                                                                                

7 rows selected.

SQL> update employee
  2  set salary=salary+0.10*salary
  3  where empno=8;

1 row updated.

SQL> select * from employee;

     EMPNO EMPNAME        SALARY G DOB       DESG       PASSPORT   WORKMODE   BOSS_EMPNO                                                                                                                                                                                                                                                                                                                                                                                                                                                                                                                                                                                                                                                                                                                                                                                                                                                                                                                                                
---------- ---------- ---------- - --------- ---------- ---------- ---------- ----------                                                                                                                                                                                                                                                                                                                                                                                                                                                                                                                                                                                                                                                                                                                                                                                                                                                                                                                                                
         8 Ramesh           1650 m 11-NOV-95 Manager    QWTY123    wfo                 6                                                                                                                                                                                                                                                                                                                                                                                                                                                                                                                                                                                                                                                                                                                                                                                                                                                                                                                                                
        12 Ben              1200 m 12-AUG-76 Manager    BNB1234                        1                                                                                                                                                                                                                                                                                                                                                                                                                                                                                                                                                                                                                                                                                                                                                                                                                                                                                                                                                
         2 Ben              1320 m 12-AUG-76 Manager    B123456                        1                                                                                                                                                                                                                                                                                                                                                                                                                                                                                                                                                                                                                                                                                                                                                                                                                                                                                                                                                
         3 Chris            1100 m 12-SEP-96 Manager    C123456                        1                                                                                                                                                                                                                                                                                                                                                                                                                                                                                                                                                                                                                                                                                                                                                                                                                                                                                                                                                
         4 Maria            1000 f 12-MAR-01 Developer  M123456                        2                                                                                                                                                                                                                                                                                                                                                                                                                                                                                                                                                                                                                                                                                                                                                                                                                                                                                                                                                
         5 Jim              1500 m 12-APR-87 Developer  J123456                        2                                                                                                                                                                                                                                                                                                                                                                                                                                                                                                                                                                                                                                                                                                                                                                                                                                                                                                                                                
         6 Akshata           800 f 12-DEC-02 Clerk      X123456                        3                                                                                                                                                                                                                                                                                                                                                                                                                                                                                                                                                                                                                                                                                                                                                                                                                                                                                                                                                

7 rows selected.

SQL> select * from empbu;

     EMPNO EMPNAME                  OLDSAL HIKEDATE                                                                                                                                                                                                                                                                                                                                                                                                                                                                                                                                                                                                                                                                                                                                                                                                                                                                                                                                                                                     
---------- -------------------- ---------- ---------                                                                                                                                                                                                                                                                                                                                                                                                                                                                                                                                                                                                                                                                                                                                                                                                                                                                                                                                                                                    
         8 Ramesh                     1500 11-NOV-24                                                                                                                                                                                                                                                                                                                                                                                                                                                                                                                                                                                                                                                                                                                                                                                                                                                                                                                                                                                    

SQL> spool off

CREATE OR REPLACE TRIGGER t2
AFTER UPDATE ON employee
FOR EACH ROW
WHEN (OLD.salary != NEW.salary)  -- Fire trigger only if salary is updated
BEGIN
    INSERT INTO empbu (empno, empname, salary, modified_date)
    VALUES (:old.empno, :old.empname, :old.salary, SYSDATE);
END;
/